=== sync check ===
Generated workflow views are current.
sync_exit=0
=== context ===
{
  "protocolVersion": 1,
  "initialized": true,
  "control": {
    "mode": "cli-managed",
    "schemaVersion": 2,
    "readOnly": false,
    "record": ".workflow/workflow-record.json"
  },
  "project": {
    "name": "Single-page design portfolio",
    "profile": "Lite",
    "executionMode": "Gated"
  },
  "workflow": {
    "recordValid": true,
    "generatedViewsCurrent": true,
    "valid": true,
    "recordFindings": [],
    "generatedFindings": [],
    "findings": []
  },
  "stage": {
    "number": 6,
    "name": "Define or explicitly skip architecture",
    "status": "Ready",
    "architectureDecision": {
      "result": "Not required",
      "reason": "Architecture is not required because the approved scope is a single static Astro page with no additional routes, shared application state, persistence, backend or external API integration, authentication, migration, security/privacy-sensitive data flow, or cross-service reliability/observability concerns. The only client-side state is the bounded Work carousel, already specified as isolated progressive enhancement, so a separate architecture artifact or Lite profile upgrade would add process without reducing material implementation risk.",
      "recordedAt": "2026-08-18T06:54:33.010Z"
    }
  },
  "execution": {
    "kind": "stage",
    "prompt": "prompts/06-architecture.md",
    "primaryArtifactTypes": [
      "IMPLEMENTATION-BRIEF"
    ],
    "artifacts": [
      {
        "id": "ART-IMPLEMENTATION-BRIEF",
        "type": "IMPLEMENTATION-BRIEF",
        "path": "IMPLEMENTATION-BRIEF.md",
        "status": "Reviewed",
        "baseline": [
          "SRC-DS-001",
          "SRC-REPO-001"
        ]
      }
    ],
    "sourceAdapterPolicy": "Select the matching source adapter from the actual source; source format is not canonical record state in schema v2."
  },
  "sources": {
    "active": [
      {
        "id": "SRC-DS-001",
        "role": "Input baseline",
        "pinStrength": "Time-bound",
        "status": "Active",
        "reference": "https://www.figma.com/design/HfvHWLtq8ESeaaVpAU6IlX/single-page-design-portfolio?node-id=2141-862",
        "latestVerification": {
          "id": "VER-007",
          "snapshot": "SRC-DS-001",
          "result": "Unchanged",
          "method": "Fresh Figma metadata inspection of Workflow page 2141:862",
          "evidence": "The scoped Workflow page still exposes the mobile, tablet, and desktop Home frames, responsive Header/Footer/Hero/About/Work/Contact components, carousel Default/Hover/Focus states, profile portrait, and five Work assets after completion of the Stage 4 specification; no material upstream design change was observed before Stage 4 approval.",
          "checkedAt": "2026-08-18T05:16:57.289Z"
        }
      },
      {
        "id": "SRC-REPO-001",
        "role": "Input baseline",
        "pinStrength": "Immutable",
        "status": "Active",
        "reference": "https://github.com/ferfalcon/single-page-design-portfolio",
        "commit": "07635a8eafb4323909619a0b62e41a4d8144d764",
        "latestVerification": {
          "id": "VER-008",
          "snapshot": "SRC-REPO-001",
          "result": "Expected workflow output",
          "method": "Git baseline and workflow-output inspection",
          "evidence": "The immutable implementation baseline remains unchanged. Comparing SRC-REPO-001 to main through the approved Stage 4 specification shows only workflow state and documentation artifacts; frontend implementation files remain unchanged.",
          "checkedAt": "2026-08-18T05:16:57.345Z"
        }
      }
    ],
    "latestOutput": null,
    "latestValidationRuntime": null
  },
  "tasks": {
    "current": null,
    "ready": [],
    "nextReady": null
  },
  "profileTransition": null,
  "stageCheck": {
    "protocolVersion": 1,
    "stage": {
      "number": 6,
      "name": "Define or explicitly skip architecture",
      "status": "Ready"
    },
    "workflow": {
      "recordValid": true,
      "generatedViewsCurrent": true,
      "valid": true,
      "recordFindings": [],
      "generatedFindings": [],
      "findings": []
    },
    "decision": {
      "current": {
        "id": "GATE-007",
        "stage": 6,
        "status": "Active",
        "result": "Passed",
        "baseline": [
          "SRC-DS-001",
          "SRC-REPO-001"
        ],
        "verifications": [
          "VER-007",
          "VER-008"
        ],
        "artifacts": [
          "ART-SOURCE-BASELINE",
          "ART-PROJECT-CONTEXT",
          "ART-WORKFLOW-STATE",
          "ART-DESIGN-AUDIT",
          "ART-IMPLEMENTATION-BRIEF"
        ],
        "evidence": "Project owner explicitly approved Stage 6 on 2026-08-18 after the architecture checkpoint completed both review passes and preflight recommended Passed; architecture remains Not required and the Lite profile remains appropriate.",
        "recordedAt": "2026-08-18T07:25:56.327Z",
        "approvedBy": "Fernando Falcon"
      },
      "recordable": true,
      "passing": true,
      "recommendedResult": "Passed",
      "findings": [],
      "attempts": {
        "Passed": [],
        "Must upgrade": []
      }
    },
    "advance": {
      "allowedNow": true,
      "requiresHumanApproval": true,
      "findings": [],
      "finalStage": false
    }
  },
  "policy": {
    "workflowMutation": "allowed",
    "implementation": "forbidden",
    "codeEdits": "forbidden",
    "stageDecision": "human-approval-required",
    "generatedViews": "read-only-projections"
  },
  "nextAction": "Advance to Stage 7 — Create the repository-aware implementation plan."
}
context_exit=0
=== advance ===
Advanced to Stage 7 — Create the repository-aware implementation plan
advance_exit=0
=== reopen ===
ART-IMPLEMENTATION-BRIEF is now Draft
reopen_exit=0
=== context after ===
{
  "protocolVersion": 1,
  "initialized": true,
  "control": {
    "mode": "cli-managed",
    "schemaVersion": 2,
    "readOnly": false,
    "record": ".workflow/workflow-record.json"
  },
  "project": {
    "name": "Single-page design portfolio",
    "profile": "Lite",
    "executionMode": "Gated"
  },
  "workflow": {
    "recordValid": true,
    "generatedViewsCurrent": true,
    "valid": true,
    "recordFindings": [],
    "generatedFindings": [],
    "findings": []
  },
  "stage": {
    "number": 7,
    "name": "Create the repository-aware implementation plan",
    "status": "In progress",
    "architectureDecision": {
      "result": "Not required",
      "reason": "Architecture is not required because the approved scope is a single static Astro page with no additional routes, shared application state, persistence, backend or external API integration, authentication, migration, security/privacy-sensitive data flow, or cross-service reliability/observability concerns. The only client-side state is the bounded Work carousel, already specified as isolated progressive enhancement, so a separate architecture artifact or Lite profile upgrade would add process without reducing material implementation risk.",
      "recordedAt": "2026-08-18T06:54:33.010Z"
    }
  },
  "execution": {
    "kind": "stage",
    "prompt": "prompts/07-plan.md",
    "primaryArtifactTypes": [
      "IMPLEMENTATION-BRIEF"
    ],
    "artifacts": [
      {
        "id": "ART-IMPLEMENTATION-BRIEF",
        "type": "IMPLEMENTATION-BRIEF",
        "path": "IMPLEMENTATION-BRIEF.md",
        "status": "Draft",
        "baseline": [
          "SRC-DS-001",
          "SRC-REPO-001"
        ]
      }
    ],
    "sourceAdapterPolicy": "Select the matching source adapter from the actual source; source format is not canonical record state in schema v2."
  },
  "sources": {
    "active": [
      {
        "id": "SRC-DS-001",
        "role": "Input baseline",
        "pinStrength": "Time-bound",
        "status": "Active",
        "reference": "https://www.figma.com/design/HfvHWLtq8ESeaaVpAU6IlX/single-page-design-portfolio?node-id=2141-862",
        "latestVerification": {
          "id": "VER-007",
          "snapshot": "SRC-DS-001",
          "result": "Unchanged",
          "method": "Fresh Figma metadata inspection of Workflow page 2141:862",
          "evidence": "The scoped Workflow page still exposes the mobile, tablet, and desktop Home frames, responsive Header/Footer/Hero/About/Work/Contact components, carousel Default/Hover/Focus states, profile portrait, and five Work assets after completion of the Stage 4 specification; no material upstream design change was observed before Stage 4 approval.",
          "checkedAt": "2026-08-18T05:16:57.289Z"
        }
      },
      {
        "id": "SRC-REPO-001",
        "role": "Input baseline",
        "pinStrength": "Immutable",
        "status": "Active",
        "reference": "https://github.com/ferfalcon/single-page-design-portfolio",
        "commit": "07635a8eafb4323909619a0b62e41a4d8144d764",
        "latestVerification": {
          "id": "VER-008",
          "snapshot": "SRC-REPO-001",
          "result": "Expected workflow output",
          "method": "Git baseline and workflow-output inspection",
          "evidence": "The immutable implementation baseline remains unchanged. Comparing SRC-REPO-001 to main through the approved Stage 4 specification shows only workflow state and documentation artifacts; frontend implementation files remain unchanged.",
          "checkedAt": "2026-08-18T05:16:57.345Z"
        }
      }
    ],
    "latestOutput": null,
    "latestValidationRuntime": null
  },
  "tasks": {
    "current": null,
    "ready": [],
    "nextReady": null
  },
  "profileTransition": null,
  "stageCheck": {
    "protocolVersion": 1,
    "stage": {
      "number": 7,
      "name": "Create the repository-aware implementation plan",
      "status": "In progress"
    },
    "workflow": {
      "recordValid": true,
      "generatedViewsCurrent": true,
      "valid": true,
      "recordFindings": [],
      "generatedFindings": [],
      "findings": []
    },
    "decision": {
      "current": null,
      "recordable": true,
      "passing": true,
      "recommendedResult": "Passed",
      "findings": [],
      "attempts": {
        "Passed": [],
        "Must upgrade": []
      }
    },
    "advance": {
      "allowedNow": false,
      "requiresHumanApproval": true,
      "findings": [
        "Stage 7 requires an active passing gate."
      ],
      "finalStage": false
    }
  },
  "policy": {
    "workflowMutation": "allowed",
    "implementation": "forbidden",
    "codeEdits": "forbidden",
    "stageDecision": "human-approval-required",
    "generatedViews": "read-only-projections"
  },
  "nextAction": "Review Stage 7 — Create the repository-aware implementation plan — then advance when its gate is approved."
}
after_exit=0
